// Jest Snapshot v1, https://goo.gl/fbAQLP

exports[`PaymentConfirmation Page should match with snapshot 1`] = `
<div>
  <main
    class="sc-eCApnc iHOios"
  >
    <header
      class="sc-bdnxRM cZjwSm"
    >
      <div
        class="sc-gtsrHT egWxvy"
      >
        <nav
          class="sc-dlnjwi kDoCbM"
        >
          <a
            class="sc-hKFxyN vGRFp"
            href="/cart"
          >
            Sacola
          </a>
          <a
            class="sc-hKFxyN vGRFp"
            href="/payment"
          >
            Pagamento
          </a>
          <a
            class="sc-hKFxyN vGRFp"
            href="/confirmation"
          >
            Confirmação
          </a>
        </nav>
      </div>
    </header>
    <div
      class="sc-jSFjdj drOsWB"
    >
      <div
        class="sc-dlMDgC hyUoTp"
      >
        <svg
          class="sc-fKgJPI fKlqQ"
          fill="currentColor"
          height="1em"
          stroke="currentColor"
          stroke-width="0"
          viewBox="0 0 512 512"
          width="1em"
          xmlns="http://www.w3.org/2000/svg"
        >
          <path
            d="M256 8C119.033 8 8 119.033 8 256s111.033 248 248 248 248-111.033 248-248S392.967 8 256 8zm0 48c110.532 0 200 89.451 200 200 0 110.532-89.451 200-200 200-110.532 0-200-89.451-200-200 0-110.532 89.451-200 200-200m140.204 130.267l-22.536-22.718c-4.667-4.705-12.265-4.736-16.97-.068L215.346 303.697l-59.792-60.277c-4.667-4.705-12.265-4.736-16.97-.069l-22.719 22.536c-4.705 4.667-4.736 12.265-.068 16.971l90.781 91.516c4.667 4.705 12.265 4.736 16.97.068l172.589-171.204c4.704-4.668 4.734-12.266.067-16.971z"
          />
        </svg>
        <p
          class="sc-kfYoZR fRurXo"
        >
          Compra efetuada com sucesso
        </p>
      </div>
      <section
        class="sc-iCoGMd"
      >
        <h2
          class="sc-fujyAs djPjrY"
        >
          Pagamento
        </h2>
        <div
          class="sc-pNWdM fRwEYN"
        >
          <div
            class="sc-bYwzuL irqKRJ"
          >
            <p
              class="sc-kLojOw bVLfhE"
            >
              ****.****.****.1234
            </p>
            <p
              class="sc-kLojOw bVLfhE"
            >
              sample
            </p>
            <p
              class="sc-kLojOw bVLfhE"
            >
              07/1991
            </p>
          </div>
        </div>
      </section>
      <section
        class="sc-iCoGMd"
      >
        <h2
          class="sc-fujyAs djPjrY"
        >
          Produtos
        </h2>
        <div
          class="sc-pNWdM fRwEYN"
        >
          <div
            class="sc-jrsJWt dqothG"
          >
            <ul />
          </div>
        </div>
      </section>
      <section
        class="sc-ksluID iNvcqR"
      >
        <div
          class="sc-fFSPTT sc-bkbkJK jPYEnV"
        >
          <p
            class="sc-hBMUJo kBEAzC"
          >
            Produtos
          </p>
          <p
            class="sc-fnVZcZ gLXOoI"
          >
            R$ NaN
          </p>
        </div>
        <div
          class="sc-fFSPTT sc-iemWCZ jPYEnV"
        >
          <p
            class="sc-hBMUJo kBEAzC"
          >
            Frete
          </p>
          <p
            class="sc-fnVZcZ gLXOoI"
          >
            R$ NaN
          </p>
        </div>
        <div
          class="sc-fFSPTT sc-dIvrsQ jPYEnV hRyHfU"
        >
          <p
            class="sc-hBMUJo kBEAzC"
          >
            Desconto
          </p>
          <p
            class="sc-fnVZcZ gLXOoI"
          >
            R$ NaN
          </p>
        </div>
        <div
          class="sc-fFSPTT sc-hHEiqL jPYEnV cFkeXV"
        >
          <p
            class="sc-hBMUJo kBEAzC"
          >
            Total
          </p>
          <p
            class="sc-fnVZcZ gLXOoI"
          >
            R$ NaN
          </p>
        </div>
      </section>
    </div>
  </main>
</div>
`;
