// Jest Snapshot v1, https://goo.gl/fbAQLP

exports[`<Main /> should render component with default props and match snapshot 1`] = `
.c0 {
  padding: 1rem;
}

<main
  class="c0"
>
  Main
</main>
`;
