// Jest Snapshot v1, https://goo.gl/fbAQLP

exports[`<Button /> should render component with default props and match snapshot 1`] = `
.c0 {
  border-radius: 4px;
  border: none;
  cursor: pointer;
  font-family: 'Helvetica Neue',Helvetica,Arial,sans-serif;
  padding: 1rem 0.8rem;
  background: #ff6c00;
  box-shadow: inset 0 -3px 0 0 #d45a00,0 2px 4px 0 #00000040;
  color: #fff;
  text-transform: uppercase;
  font-size: 2rem;
  font-weight: 700;
  -webkit-letter-spacing: 0.5px;
  -moz-letter-spacing: 0.5px;
  -ms-letter-spacing: 0.5px;
  letter-spacing: 0.5px;
  -webkit-transition: all 0.5s ease-in-out;
  transition: all 0.5s ease-in-out;
}

.c0:hover {
  box-shadow: inset 0 -50px 0 0 #d45a00,0 2px 4px 0 #00000040;
}

<button
  class="c0"
  type="button"
>
  button
</button>
`;
