// Jest Snapshot v1, https://goo.gl/fbAQLP

exports[`Success Page should render success page 1`] = `
<div>
  <div
    class="sc-fzoLag jRHNZI"
  >
    <nav
      class="sc-fzqBZW kdufKf"
    >
      <ol>
        <li
          class="sc-fzqNJr gREgXq"
          title="Sacola"
        >
          <a>
            Sacola
          </a>
        </li>
        <li
          class="sc-fzqNJr gREgXq"
          title="Pagamento"
        >
          <a>
            Pagamento
          </a>
        </li>
        <li
          class="sc-fzqNJr beoRzK"
          title="Confirmação"
        >
          <a>
            Confirmação
          </a>
        </li>
      </ol>
    </nav>
    <div
      class="sc-fzoyAV biEWFk"
    >
      <div
        class="sc-fznyAO jLApxi"
      >
        <div
          class="sc-fznKkj laAbkH"
        />
        <span
          class="sc-AxgMl sc-fznZeY iTQCPi"
        >
          Compra Efetuada com Sucesso
        </span>
      </div>
      <span
        class="sc-AxgMl sc-fzokOt kTHzsh"
      >
        Pagamento
      </span>
      <div
        class="sc-AxiKw sc-AxhUy daxRmo"
      >
        <div
          class="sc-Axmtr hBVTto"
        >
          <div
            class="sc-AxjAm gTlBjH"
            direction="row"
          >
            <div
              class="sc-AxiKw gmkaqg"
            >
              <span
                aria-label="card number"
                class="sc-AxgMl sc-AxheI cyIPIf"
              >
                ****.****.****.undefined
              </span>
            </div>
            <div
              class="sc-AxiKw gmkaqg"
            >
              <span
                aria-label="name"
                class="sc-AxgMl sc-AxheI cyIPIf"
              />
            </div>
            <div
              class="sc-AxiKw gmkaqg"
            >
              <span
                aria-label="expiring date"
                class="sc-AxgMl sc-AxheI cyIPIf"
              />
            </div>
          </div>
        </div>
      </div>
      <span
        class="sc-AxgMl sc-fzokOt kTHzsh"
      >
        Produtos
      </span>
      <div
        class="sc-AxiKw sc-AxhUy hkJMki"
      >
        <div
          class="sc-fzqNqU jbHngq"
        />
      </div>
    </div>
  </div>
</div>
`;
