// Jest Snapshot v1, https://goo.gl/fbAQLP

exports[`<Text /> should render Text 1`] = `
<div>
  <span
    class="sc-AxjAm kPvYly"
  >
    The quick brown fox jumps over the lazy dog
  </span>
</div>
`;
