// Jest Snapshot v1, https://goo.gl/fbAQLP

exports[`<PaymentForm /> should render component with default props and match snapshot 1`] = `
.c0 {
  margin-bottom: 2.5rem;
}

.c1 {
  font-size: 1.2rem;
  display: block;
  color: #ccc;
  font-weight: 700;
  margin-bottom: 0.5rem;
}

.c2 {
  border-radius: 3px;
  background-color: #fff;
  border: 1px solid #e7e7e7;
  box-shadow: inset 0 1px 2px 0 #00000033;
  color: #212121;
  font-size: 1.6rem;
  font-weight: 400;
  outline: none;
  padding: 1.2rem;
  width: 100%;
}

.c2:focus {
  border-color: #a43287;
}

.c2::-webkit-input-placeholder {
  color: #e0e7ee;
  opacity: 1;
}

.c2::-moz-placeholder {
  color: #e0e7ee;
  opacity: 1;
}

.c2:-ms-input-placeholder {
  color: #e0e7ee;
  opacity: 1;
}

.c2::placeholder {
  color: #e0e7ee;
  opacity: 1;
}

.c2:-ms-input-placeholder {
  color: #e0e7ee;
}

.c2::-ms-input-placeholder {
  color: #e0e7ee;
}

.c6 {
  border-radius: 4px;
  border: none;
  cursor: pointer;
  font-family: 'Helvetica Neue',Helvetica,Arial,sans-serif;
  padding: 1rem 0.8rem;
  background: #ff6c00;
  box-shadow: inset 0 -3px 0 0 #d45a00,0 2px 4px 0 #00000040;
  color: #fff;
  text-transform: uppercase;
  font-size: 2rem;
  font-weight: 700;
  -webkit-letter-spacing: 0.5px;
  -moz-letter-spacing: 0.5px;
  -ms-letter-spacing: 0.5px;
  letter-spacing: 0.5px;
  -webkit-transition: all 0.5s ease-in-out;
  transition: all 0.5s ease-in-out;
  width: 100%;
  background: #ccc;
  box-shadow: inset 0 -3px 0 0 #afafaf,0 2px 4px 0 #fff;
  color: #afafaf;
}

.c6:hover {
  box-shadow: inset 0 -50px 0 0 #d45a00,0 2px 4px 0 #00000040;
}

.c3 {
  display: -webkit-box;
  display: -webkit-flex;
  display: -ms-flexbox;
  display: flex;
  -webkit-flex-direction: row;
  -ms-flex-direction: row;
  flex-direction: row;
  -webkit-flex-flow: wrap row;
  -ms-flex-flow: wrap row;
  flex-flow: wrap row;
  width: 100%;
}

.c4 {
  width: 50%;
}

.c5 {
  width: 41.66666666666667%;
  margin-left: 8.333333333333334%;
}

<form
  role="form"
>
  <p
    class="c0"
  >
    <label
      class="c1"
      for="creditCardNumber"
    >
      Número do cartão:
    </label>
    <input
      class="c2"
      id="creditCardNumber"
      name="creditCardNumber"
      placeholder="____-____-____-____"
      type="text"
      value=""
    />
  </p>
  <p
    class="c0"
  >
    <label
      class="c1"
      for="name"
    >
      Nome do Titular:
    </label>
    <input
      class="c2"
      id="name"
      name="name"
      placeholder="Como no cartão"
      type="text"
      value=""
    />
  </p>
  <div
    class="c3"
  >
    <div
      class="c4"
    >
      <p
        class="c0"
      >
        <label
          class="c1"
          for="expires"
        >
          Validade (mês/ano):
        </label>
        <input
          class="c2"
          id="expires"
          name="expires"
          placeholder="__/____"
          type="text"
          value=""
        />
      </p>
    </div>
    <div
      class="c5"
    >
      <p
        class="c0"
      >
        <label
          class="c1"
          for="securityCode"
        >
          CVV:
        </label>
        <input
          class="c2"
          id="securityCode"
          name="securityCode"
          placeholder="___"
          type="text"
          value=""
        />
      </p>
    </div>
  </div>
  <button
    class="c6"
    disabled=""
    type="submit"
  >
    Finalizar o pedido
  </button>
</form>
`;
