// Jest Snapshot v1, https://goo.gl/fbAQLP

exports[`AmountContainer amount container is rendering correctly 1`] = `ShallowWrapper {}`;
