// Jest Snapshot v1, https://goo.gl/fbAQLP

exports[`<ContentBox /> should match a snapshot 1`] = `
.c0 {
  background-color: #FFFFFF;
  border-radius: 0.3rem;
  box-shadow: 0.1rem 0.1rem 0.5rem 0 rgba(0,0,29,0.22);
  padding: 1.2rem;
}

<section
  class="c0"
/>
`;
