// Jest Snapshot v1, https://goo.gl/fbAQLP

exports[`ProductReview Component renders links 1`] = `
<DocumentFragment>
  <div
    class="ProductReview__StyledProduct-sc-2kzi8k-0 jOZocn"
  >
    <img
      alt="L'Oréal Professionnel Expert Absolut Repair Cortex Lipidium"
      class="ProductReview__StyledProductImg-sc-2kzi8k-2 SwLGV"
      src="https://res.cloudinary.com/beleza-na-web/image/upload/f_auto,fl_progressive,q_auto:best/v1/imagens/1/loreal-professionnel-expert-absolut-repair-cortex-lipidium-mascara-de-reconstrucao-500g-24410-963234120108391775.png"
    />
    <div>
      <p
        class="ProductReview__StyledProductName-sc-2kzi8k-1 jeElbh"
      >
        L'Oréal Professionnel Expert Absolut Repair Cortex Lipidium
      </p>
    </div>
  </div>
</DocumentFragment>
`;
